// Jest Snapshot v1, https://goo.gl/fbAQLP

exports[`<CreateBill /> renders correctly 1`] = `null`;
