// Jest Snapshot v1, https://goo.gl/fbAQLP

exports[`<Bills /> renders correctly 1`] = `null`;
